// Jest Snapshot v1, https://goo.gl/fbAQLP

exports[`<ArticleList /> should render correctly 1`] = `<div />`;
